// Jest Snapshot v1, https://goo.gl/fbAQLP

exports[`renders QuestionCard page correctly 1`] = `
<RCTScrollView
  style={
    Object {
      "flex": 1,
    }
  }
>
  <View>
    <View
      style={
        Object {
          "alignItems": "center",
          "flexDirection": "row",
          "height": 40,
          "justifyContent": "center",
          "marginLeft": 10,
          "paddingTop": 30,
        }
      }
    >
      <View
        accessible={true}
        isTVSelectable={true}
        onResponderGrant={[Function]}
        onResponderMove={[Function]}
        onResponderRelease={[Function]}
        onResponderTerminate={[Function]}
        onResponderTerminationRequest={[Function]}
        onStartShouldSetResponder={[Function]}
        style={
          Object {
            "flex": 0.7,
            "height": 20,
            "opacity": 1,
          }
        }
      >
        <Image
          source={
            Object {
              "uri": "navigate-return",
            }
          }
          style={
            Object {
              "height": 25,
              "width": 25,
            }
          }
        />
      </View>
      <View
        style={
          Object {
            "flex": 5,
            "flexDirection": "row",
            "justifyContent": "center",
          }
        }
      >
        <Text
          style={
            Object {
              "flex": 1,
            }
          }
          theme={
            Object {
              "colors": Object {
                "disabled": "hsl(208, 8%, 90%)",
                "divider": "#bcbbc1",
                "error": "#ff190c",
                "grey0": "#393e42",
                "grey1": "#43484d",
                "grey2": "#5e6977",
                "grey3": "#86939e",
                "grey4": "#bdc6cf",
                "grey5": "#e1e8ee",
                "greyOutline": "#bbb",
                "platform": Object {
                  "android": Object {
                    "error": "#f44336",
                    "primary": "#2196f3",
                    "secondary": "#9C27B0",
                    "success": "#4caf50",
                    "warning": "#ffeb3b",
                  },
                  "ios": Object {
                    "error": "#ff3b30",
                    "primary": "#007aff",
                    "secondary": "#5856d6",
                    "success": "#4cd964",
                    "warning": "#ffcc00",
                  },
                },
                "primary": "#2089dc",
                "searchBg": "#303337",
                "secondary": "#8F0CE8",
                "success": "#52c41a",
                "warning": "#faad14",
              },
            }
          }
        >
           课程
        </Text>
      </View>
    </View>
    <View
      style={
        Object {
          "padding": 36,
        }
      }
    >
      <Text
        style={
          Object {
            "padding": 10,
          }
        }
      >
        请对课程进行评分
      </Text>
      <View
        style={
          Object {
            "alignItems": "center",
            "flex": 1,
            "flexDirection": "row",
            "justifyContent": "center",
          }
        }
      >
        <View
          accessible={true}
          onResponderGrant={[Function]}
          onResponderMove={[Function]}
          onResponderRelease={[Function]}
          onResponderTerminate={[Function]}
          onResponderTerminationRequest={[Function]}
          onStartShouldSetResponder={[Function]}
          style={
            Object {
              "paddingHorizontal": 5,
            }
          }
        >
          <View
            accessibilityIgnoresInvertColors={true}
            style={
              Object {
                "height": 25,
                "width": 25,
              }
            }
          >
            <Image
              source={
                Object {
                  "uri": "star1",
                }
              }
              style={
                Array [
                  Object {
                    "bottom": 0,
                    "left": 0,
                    "position": "absolute",
                    "right": 0,
                    "top": 0,
                  },
                  Object {
                    "height": 25,
                    "width": 25,
                  },
                  Object {
                    "resizeMode": "cover",
                  },
                ]
              }
            />
          </View>
        </View>
        <View
          accessible={true}
          onResponderGrant={[Function]}
          onResponderMove={[Function]}
          onResponderRelease={[Function]}
          onResponderTerminate={[Function]}
          onResponderTerminationRequest={[Function]}
          onStartShouldSetResponder={[Function]}
          style={
            Object {
              "paddingHorizontal": 5,
            }
          }
        >
          <View
            accessibilityIgnoresInvertColors={true}
            style={
              Object {
                "height": 25,
                "width": 25,
              }
            }
          >
            <Image
              source={
                Object {
                  "uri": "star2",
                }
              }
              style={
                Array [
                  Object {
                    "bottom": 0,
                    "left": 0,
                    "position": "absolute",
                    "right": 0,
                    "top": 0,
                  },
                  Object {
                    "height": 25,
                    "width": 25,
                  },
                  Object {
                    "resizeMode": "cover",
                  },
                ]
              }
            />
          </View>
        </View>
        <View
          accessible={true}
          onResponderGrant={[Function]}
          onResponderMove={[Function]}
          onResponderRelease={[Function]}
          onResponderTerminate={[Function]}
          onResponderTerminationRequest={[Function]}
          onStartShouldSetResponder={[Function]}
          style={
            Object {
              "paddingHorizontal": 5,
            }
          }
        >
          <View
            accessibilityIgnoresInvertColors={true}
            style={
              Object {
                "height": 25,
                "width": 25,
              }
            }
          >
            <Image
              source={
                Object {
                  "uri": "star3",
                }
              }
              style={
                Array [
                  Object {
                    "bottom": 0,
                    "left": 0,
                    "position": "absolute",
                    "right": 0,
                    "top": 0,
                  },
                  Object {
                    "height": 25,
                    "width": 25,
                  },
                  Object {
                    "resizeMode": "cover",
                  },
                ]
              }
            />
          </View>
        </View>
        <View
          accessible={true}
          onResponderGrant={[Function]}
          onResponderMove={[Function]}
          onResponderRelease={[Function]}
          onResponderTerminate={[Function]}
          onResponderTerminationRequest={[Function]}
          onStartShouldSetResponder={[Function]}
          style={
            Object {
              "paddingHorizontal": 5,
            }
          }
        >
          <View
            accessibilityIgnoresInvertColors={true}
            style={
              Object {
                "height": 25,
                "width": 25,
              }
            }
          >
            <Image
              source={
                Object {
                  "uri": "star4",
                }
              }
              style={
                Array [
                  Object {
                    "bottom": 0,
                    "left": 0,
                    "position": "absolute",
                    "right": 0,
                    "top": 0,
                  },
                  Object {
                    "height": 25,
                    "width": 25,
                  },
                  Object {
                    "resizeMode": "cover",
                  },
                ]
              }
            />
          </View>
        </View>
        <View
          accessible={true}
          onResponderGrant={[Function]}
          onResponderMove={[Function]}
          onResponderRelease={[Function]}
          onResponderTerminate={[Function]}
          onResponderTerminationRequest={[Function]}
          onStartShouldSetResponder={[Function]}
          style={
            Object {
              "paddingHorizontal": 5,
            }
          }
        >
          <View
            accessibilityIgnoresInvertColors={true}
            style={
              Object {
                "height": 25,
                "width": 25,
              }
            }
          >
            <Image
              source={
                Object {
                  "uri": "star5",
                }
              }
              style={
                Array [
                  Object {
                    "bottom": 0,
                    "left": 0,
                    "position": "absolute",
                    "right": 0,
                    "top": 0,
                  },
                  Object {
                    "height": 25,
                    "width": 25,
                  },
                  Object {
                    "resizeMode": "cover",
                  },
                ]
              }
            />
          </View>
        </View>
      </View>
    </View>
    <View
      style={
        Object {
          "paddingHorizontal": 20,
          "paddingVertical": 30,
        }
      }
    >
      <Text
        style={
          Object {
            "color": "black",
          }
        }
      >
        课程简述
      </Text>
      <View
        style={Object {}}
      >
        <TextInput
          allowFontScaling={true}
          multiline={true}
          onChangeText={[Function]}
          placeholder="输入课程简述"
          rejectResponderTermination={true}
          style={
            Object {
              "padding": 10,
            }
          }
          underlineColorAndroid="transparent"
        />
      </View>
    </View>
    <View
      style={
        Object {
          "paddingHorizontal": 20,
          "paddingVertical": 30,
        }
      }
    >
      <Text
        style={
          Object {
            "color": "black",
          }
        }
      >
        考核形式
      </Text>
      <View
        style={Object {}}
      >
        <TextInput
          allowFontScaling={true}
          multiline={true}
          onChangeText={[Function]}
          placeholder="输入考核形式"
          rejectResponderTermination={true}
          style={
            Object {
              "padding": 10,
            }
          }
          underlineColorAndroid="transparent"
        />
      </View>
    </View>
    <View
      style={
        Object {
          "paddingHorizontal": 20,
          "paddingVertical": 30,
        }
      }
    >
      <Text
        style={
          Object {
            "color": "black",
          }
        }
      >
        上课自由程度
      </Text>
      <View
        style={Object {}}
      >
        <TextInput
          allowFontScaling={true}
          multiline={true}
          onChangeText={[Function]}
          placeholder="输入上课自由程度"
          rejectResponderTermination={true}
          style={
            Object {
              "padding": 10,
            }
          }
          underlineColorAndroid="transparent"
        />
      </View>
    </View>
    <View
      style={
        Object {
          "paddingHorizontal": 20,
          "paddingVertical": 30,
        }
      }
    >
      <Text
        style={
          Object {
            "color": "black",
          }
        }
      >
        课程个人体验
      </Text>
      <View
        style={Object {}}
      >
        <TextInput
          allowFontScaling={true}
          multiline={true}
          onChangeText={[Function]}
          placeholder="输入课程个人体验"
          rejectResponderTermination={true}
          style={
            Object {
              "padding": 10,
            }
          }
          underlineColorAndroid="transparent"
        />
      </View>
    </View>
    <View
      accessible={true}
      isTVSelectable={true}
      onResponderGrant={[Function]}
      onResponderMove={[Function]}
      onResponderRelease={[Function]}
      onResponderTerminate={[Function]}
      onResponderTerminationRequest={[Function]}
      onStartShouldSetResponder={[Function]}
      style={
        Object {
          "alignItems": "center",
          "justifyContent": "center",
          "opacity": 1,
          "paddingVertical": 10,
        }
      }
    >
      <View
        style={
          Object {
            "backgroundColor": "#FDAF26",
            "borderRadius": 8,
            "paddingHorizontal": 30,
            "paddingVertical": 10,
          }
        }
      >
        <Text
          style={Object {}}
        >
          发布我的评测
        </Text>
      </View>
    </View>
  </View>
</RCTScrollView>
`;
