// Jest Snapshot v1, https://goo.gl/fbAQLP

exports[`renders EvaluationCard page correctly 1`] = `
<View
  style={
    Object {
      "backgroundColor": "#FFFFFF",
      "borderRadius": 20,
      "flex": 1,
      "width": 300,
    }
  }
>
  <View
    style={
      Object {
        "alignItems": "stretch",
        "flexDirection": "column",
        "justifyContent": "center",
        "padding": 20,
      }
    }
  >
    <Image
      resizeMode="cover"
      source={
        Object {
          "uri": "uber",
        }
      }
      style={
        Object {
          "alignItems": "center",
          "height": 180,
          "justifyContent": "center",
        }
      }
    />
    <View
      style={
        Object {
          "alignItems": "center",
          "height": 80,
          "justifyContent": "center",
          "paddingHorizontal": 10,
          "paddingTop": 15,
        }
      }
    >
      <Text>
        又水分又高
      </Text>
    </View>
    <View
      style={
        Object {
          "alignItems": "center",
          "flexDirection": "row",
          "height": 60,
          "justifyContent": "space-between",
        }
      }
    >
      <View
        style={
          Object {
            "alignItems": "center",
            "flex": 7,
            "flexDirection": "row",
          }
        }
      >
        <Text
          style={
            Object {
              "paddingRight": 10,
            }
          }
        >
          评分:
        </Text>
        <View
          style={
            Object {
              "alignItems": "center",
              "flex": 1,
              "flexDirection": "row",
              "justifyContent": "center",
            }
          }
        >
          <View
            accessible={true}
            onResponderGrant={[Function]}
            onResponderMove={[Function]}
            onResponderRelease={[Function]}
            onResponderTerminate={[Function]}
            onResponderTerminationRequest={[Function]}
            onStartShouldSetResponder={[Function]}
            style={
              Object {
                "paddingHorizontal": 5,
              }
            }
          >
            <View
              accessibilityIgnoresInvertColors={true}
              style={
                Object {
                  "height": 25,
                  "width": 25,
                }
              }
            >
              <Image
                source={
                  Object {
                    "uri": "fullstar1",
                  }
                }
                style={
                  Array [
                    Object {
                      "bottom": 0,
                      "left": 0,
                      "position": "absolute",
                      "right": 0,
                      "top": 0,
                    },
                    Object {
                      "height": 25,
                      "width": 25,
                    },
                    Object {
                      "resizeMode": "cover",
                    },
                  ]
                }
              />
            </View>
          </View>
          <View
            accessible={true}
            onResponderGrant={[Function]}
            onResponderMove={[Function]}
            onResponderRelease={[Function]}
            onResponderTerminate={[Function]}
            onResponderTerminationRequest={[Function]}
            onStartShouldSetResponder={[Function]}
            style={
              Object {
                "paddingHorizontal": 5,
              }
            }
          >
            <View
              accessibilityIgnoresInvertColors={true}
              style={
                Object {
                  "height": 25,
                  "width": 25,
                }
              }
            >
              <Image
                source={
                  Object {
                    "uri": "fullstar2",
                  }
                }
                style={
                  Array [
                    Object {
                      "bottom": 0,
                      "left": 0,
                      "position": "absolute",
                      "right": 0,
                      "top": 0,
                    },
                    Object {
                      "height": 25,
                      "width": 25,
                    },
                    Object {
                      "resizeMode": "cover",
                    },
                  ]
                }
              />
            </View>
          </View>
          <View
            accessible={true}
            onResponderGrant={[Function]}
            onResponderMove={[Function]}
            onResponderRelease={[Function]}
            onResponderTerminate={[Function]}
            onResponderTerminationRequest={[Function]}
            onStartShouldSetResponder={[Function]}
            style={
              Object {
                "paddingHorizontal": 5,
              }
            }
          >
            <View
              accessibilityIgnoresInvertColors={true}
              style={
                Object {
                  "height": 25,
                  "width": 25,
                }
              }
            >
              <Image
                source={
                  Object {
                    "uri": "fullstar3",
                  }
                }
                style={
                  Array [
                    Object {
                      "bottom": 0,
                      "left": 0,
                      "position": "absolute",
                      "right": 0,
                      "top": 0,
                    },
                    Object {
                      "height": 25,
                      "width": 25,
                    },
                    Object {
                      "resizeMode": "cover",
                    },
                  ]
                }
              />
            </View>
          </View>
          <View
            accessible={true}
            onResponderGrant={[Function]}
            onResponderMove={[Function]}
            onResponderRelease={[Function]}
            onResponderTerminate={[Function]}
            onResponderTerminationRequest={[Function]}
            onStartShouldSetResponder={[Function]}
            style={
              Object {
                "paddingHorizontal": 5,
              }
            }
          >
            <View
              accessibilityIgnoresInvertColors={true}
              style={
                Object {
                  "height": 25,
                  "width": 25,
                }
              }
            >
              <Image
                source={
                  Object {
                    "uri": "fullstar4",
                  }
                }
                style={
                  Array [
                    Object {
                      "bottom": 0,
                      "left": 0,
                      "position": "absolute",
                      "right": 0,
                      "top": 0,
                    },
                    Object {
                      "height": 25,
                      "width": 25,
                    },
                    Object {
                      "resizeMode": "cover",
                    },
                  ]
                }
              />
            </View>
          </View>
          <View
            accessible={true}
            onResponderGrant={[Function]}
            onResponderMove={[Function]}
            onResponderRelease={[Function]}
            onResponderTerminate={[Function]}
            onResponderTerminationRequest={[Function]}
            onStartShouldSetResponder={[Function]}
            style={
              Object {
                "paddingHorizontal": 5,
              }
            }
          >
            <View
              accessibilityIgnoresInvertColors={true}
              style={
                Object {
                  "height": 25,
                  "width": 25,
                }
              }
            >
              <Image
                source={
                  Object {
                    "uri": "fullstar5",
                  }
                }
                style={
                  Array [
                    Object {
                      "bottom": 0,
                      "left": 0,
                      "position": "absolute",
                      "right": 0,
                      "top": 0,
                    },
                    Object {
                      "height": 25,
                      "width": 25,
                    },
                    Object {
                      "resizeMode": "cover",
                    },
                  ]
                }
              />
            </View>
          </View>
        </View>
      </View>
      <Text
        style={
          Object {
            "flex": 2,
            "fontSize": 21,
            "textAlign": "right",
          }
        }
      >
        10
      </Text>
    </View>
    <View
      style={
        Object {
          "alignItems": "center",
          "flexDirection": "row",
          "height": 30,
          "justifyContent": "space-between",
        }
      }
    >
      <View
        style={
          Object {
            "alignItems": "center",
            "flexDirection": "row",
          }
        }
      >
        <View
          style={
            Object {
              "backgroundColor": "transparent",
              "borderRadius": 17,
              "height": 34,
              "width": 34,
            }
          }
          theme={
            Object {
              "colors": Object {
                "disabled": "hsl(208, 8%, 90%)",
                "divider": "#bcbbc1",
                "error": "#ff190c",
                "grey0": "#393e42",
                "grey1": "#43484d",
                "grey2": "#5e6977",
                "grey3": "#86939e",
                "grey4": "#bdc6cf",
                "grey5": "#e1e8ee",
                "greyOutline": "#bbb",
                "platform": Object {
                  "android": Object {
                    "error": "#f44336",
                    "primary": "#2196f3",
                    "secondary": "#9C27B0",
                    "success": "#4caf50",
                    "warning": "#ffeb3b",
                  },
                  "ios": Object {
                    "error": "#ff3b30",
                    "primary": "#007aff",
                    "secondary": "#5856d6",
                    "success": "#4cd964",
                    "warning": "#ffcc00",
                  },
                },
                "primary": "#2089dc",
                "searchBg": "#303337",
                "secondary": "#8F0CE8",
                "success": "#52c41a",
                "warning": "#faad14",
              },
            }
          }
        >
          <View
            style={
              Object {
                "backgroundColor": "#bdbdbd",
                "borderRadius": 17,
                "flex": 1,
                "overflow": "hidden",
                "position": "relative",
              }
            }
          >
            <Image
              onLoadEnd={[Function]}
              source={
                Object {
                  "uri": "https://s3.amazonaws.com/uifaces/faces/twitter/adhamdannaway/128.jpg",
                }
              }
              style={
                Object {
                  "flex": 1,
                  "height": null,
                  "width": null,
                }
              }
              theme={
                Object {
                  "colors": Object {
                    "disabled": "hsl(208, 8%, 90%)",
                    "divider": "#bcbbc1",
                    "error": "#ff190c",
                    "grey0": "#393e42",
                    "grey1": "#43484d",
                    "grey2": "#5e6977",
                    "grey3": "#86939e",
                    "grey4": "#bdc6cf",
                    "grey5": "#e1e8ee",
                    "greyOutline": "#bbb",
                    "platform": Object {
                      "android": Object {
                        "error": "#f44336",
                        "primary": "#2196f3",
                        "secondary": "#9C27B0",
                        "success": "#4caf50",
                        "warning": "#ffeb3b",
                      },
                      "ios": Object {
                        "error": "#ff3b30",
                        "primary": "#007aff",
                        "secondary": "#5856d6",
                        "success": "#4cd964",
                        "warning": "#ffcc00",
                      },
                    },
                    "primary": "#2089dc",
                    "searchBg": "#303337",
                    "secondary": "#8F0CE8",
                    "success": "#52c41a",
                    "warning": "#faad14",
                  },
                }
              }
            />
            <View
              style={
                Object {
                  "bottom": 0,
                  "left": 0,
                  "opacity": 1,
                  "position": "absolute",
                  "right": 0,
                  "top": 0,
                }
              }
            >
              <View
                style={
                  Object {
                    "alignItems": "center",
                    "backgroundColor": "#bdbdbd",
                    "flex": 1,
                    "height": null,
                    "justifyContent": "center",
                    "width": null,
                  }
                }
                testID="RNE__Image__placeholder"
              />
            </View>
          </View>
        </View>
        <Text
          style={
            Object {
              "paddingLeft": 5,
            }
          }
          theme={
            Object {
              "colors": Object {
                "disabled": "hsl(208, 8%, 90%)",
                "divider": "#bcbbc1",
                "error": "#ff190c",
                "grey0": "#393e42",
                "grey1": "#43484d",
                "grey2": "#5e6977",
                "grey3": "#86939e",
                "grey4": "#bdc6cf",
                "grey5": "#e1e8ee",
                "greyOutline": "#bbb",
                "platform": Object {
                  "android": Object {
                    "error": "#f44336",
                    "primary": "#2196f3",
                    "secondary": "#9C27B0",
                    "success": "#4caf50",
                    "warning": "#ffeb3b",
                  },
                  "ios": Object {
                    "error": "#ff3b30",
                    "primary": "#007aff",
                    "secondary": "#5856d6",
                    "success": "#4cd964",
                    "warning": "#ffcc00",
                  },
                },
                "primary": "#2089dc",
                "searchBg": "#303337",
                "secondary": "#8F0CE8",
                "success": "#52c41a",
                "warning": "#faad14",
              },
            }
          }
        >
           
          
        </Text>
      </View>
      <View
        accessible={true}
        isTVSelectable={true}
        onResponderGrant={[Function]}
        onResponderMove={[Function]}
        onResponderRelease={[Function]}
        onResponderTerminate={[Function]}
        onResponderTerminationRequest={[Function]}
        onStartShouldSetResponder={[Function]}
        style={
          Object {
            "alignItems": "center",
            "flexDirection": "row",
            "justifyContent": "center",
            "opacity": 1,
          }
        }
      >
        <Text>
          查看详情
        </Text>
        <Image
          source={
            Object {
              "uri": "arrow_down",
            }
          }
          style={
            Object {
              "height": 15,
              "width": 15,
            }
          }
        />
      </View>
    </View>
  </View>
</View>
`;
