// Jest Snapshot v1, https://goo.gl/fbAQLP

exports[`renders highlightCard  correctly 1`] = `
<View
  style={
    Object {
      "alignItems": "flex-start",
      "flex": 1,
      "flexDirection": "row",
      "justifyContent": "center",
      "marginHorizontal": 20,
      "marginVertical": 5,
      "paddingTop": 10,
    }
  }
>
  <Modal
    animationType="slide"
    hardwareAccelerated={false}
    style={
      Object {
        "flexDirection": "column",
        "justifyContent": "center",
      }
    }
    transparent={true}
    visible={false}
  >
    <View
      accessible={true}
      onResponderGrant={[Function]}
      onResponderMove={[Function]}
      onResponderRelease={[Function]}
      onResponderTerminate={[Function]}
      onResponderTerminationRequest={[Function]}
      onStartShouldSetResponder={[Function]}
      style={
        Object {
          "height": "100%",
          "width": "100%",
        }
      }
    />
    <View
      style={
        Object {
          "borderColor": "lightgrey",
          "borderTopWidth": 0.2,
          "bottom": 0,
          "height": 50,
          "paddingHorizontal": 10,
          "paddingVertical": 0,
          "position": "absolute",
          "width": "100%",
        }
      }
    >
      <RCTScrollView
        keyboardShouldPersistTaps="always"
        style={
          Object {
            "contentSize": 0,
          }
        }
      >
        <View>
          <View
            style={
              Object {
                "alignItems": "center",
                "backgroundColor": "whitesmoke",
                "flexDirection": "row",
              }
            }
          >
            <View
              style={
                Object {
                  "borderColor": "orange",
                  "borderRadius": 8,
                  "borderWidth": 0.5,
                  "flex": 8,
                  "flexDirection": "row",
                  "justifyContent": "flex-start",
                  "marginVertical": 10,
                  "paddingHorizontal": 10,
                }
              }
            >
              <TextInput
                allowFontScaling={true}
                autoFocus={true}
                onChangeText={[Function]}
                onSubmitEditing={[Function]}
                placeholder="点击输入回复"
                rejectResponderTermination={true}
                style={
                  Object {
                    "fontSize": 15,
                    "padding": 2,
                    "textAlign": "left",
                    "width": "100%",
                  }
                }
                underlineColorAndroid="transparent"
                value=""
              />
            </View>
            <View
              accessible={true}
              isTVSelectable={true}
              onResponderGrant={[Function]}
              onResponderMove={[Function]}
              onResponderRelease={[Function]}
              onResponderTerminate={[Function]}
              onResponderTerminationRequest={[Function]}
              onStartShouldSetResponder={[Function]}
              style={
                Object {
                  "flex": 1.5,
                  "marginVertical": 0,
                  "opacity": 1,
                }
              }
            >
              <View
                style={
                  Object {
                    "backgroundColor": "#FDD326",
                    "borderRadius": 8,
                    "height": "auto",
                    "marginHorizontal": 8,
                    "paddingVertical": 8,
                  }
                }
              >
                <Text
                  style={
                    Object {
                      "color": "white",
                      "fontFamily": "字魂70号-灵悦黑体",
                      "fontSize": 15,
                      "lineHeight": 15,
                    }
                  }
                  theme={
                    Object {
                      "colors": Object {
                        "disabled": "hsl(208, 8%, 90%)",
                        "divider": "#bcbbc1",
                        "error": "#ff190c",
                        "grey0": "#393e42",
                        "grey1": "#43484d",
                        "grey2": "#5e6977",
                        "grey3": "#86939e",
                        "grey4": "#bdc6cf",
                        "grey5": "#e1e8ee",
                        "greyOutline": "#bbb",
                        "platform": Object {
                          "android": Object {
                            "error": "#f44336",
                            "primary": "#2196f3",
                            "secondary": "#9C27B0",
                            "success": "#4caf50",
                            "warning": "#ffeb3b",
                          },
                          "ios": Object {
                            "error": "#ff3b30",
                            "primary": "#007aff",
                            "secondary": "#5856d6",
                            "success": "#4cd964",
                            "warning": "#ffcc00",
                          },
                        },
                        "primary": "#2089dc",
                        "searchBg": "#303337",
                        "secondary": "#8F0CE8",
                        "success": "#52c41a",
                        "warning": "#faad14",
                      },
                    }
                  }
                >
                   发送
                </Text>
              </View>
            </View>
          </View>
        </View>
      </RCTScrollView>
    </View>
  </Modal>
  <View
    accessible={true}
    isTVSelectable={true}
    onResponderGrant={[Function]}
    onResponderMove={[Function]}
    onResponderRelease={[Function]}
    onResponderTerminate={[Function]}
    onResponderTerminationRequest={[Function]}
    onStartShouldSetResponder={[Function]}
    style={
      Object {
        "flexDirection": "column",
        "justifyContent": "flex-start",
        "opacity": 1,
      }
    }
  >
    <Image
      source={
        Object {
          "uri": "default_avatar_1",
        }
      }
      style={
        Object {
          "borderRadius": 20,
          "height": 40,
          "width": 40,
        }
      }
    />
  </View>
  <View
    style={
      Object {
        "flex": 1,
        "flexDirection": "column",
        "height": "100%",
        "marginHorizontal": 10,
        "paddingTop": 15,
      }
    }
  >
    <View
      style={
        Object {
          "flexDirection": "row",
          "justifyContent": "space-between",
        }
      }
    >
      <Text
        style={
          Object {
            "fontSize": 15,
            "fontWeight": "bold",
            "width": 120,
          }
        }
        theme={
          Object {
            "colors": Object {
              "disabled": "hsl(208, 8%, 90%)",
              "divider": "#bcbbc1",
              "error": "#ff190c",
              "grey0": "#393e42",
              "grey1": "#43484d",
              "grey2": "#5e6977",
              "grey3": "#86939e",
              "grey4": "#bdc6cf",
              "grey5": "#e1e8ee",
              "greyOutline": "#bbb",
              "platform": Object {
                "android": Object {
                  "error": "#f44336",
                  "primary": "#2196f3",
                  "secondary": "#9C27B0",
                  "success": "#4caf50",
                  "warning": "#ffeb3b",
                },
                "ios": Object {
                  "error": "#ff3b30",
                  "primary": "#007aff",
                  "secondary": "#5856d6",
                  "success": "#4cd964",
                  "warning": "#ffcc00",
                },
              },
              "primary": "#2089dc",
              "searchBg": "#303337",
              "secondary": "#8F0CE8",
              "success": "#52c41a",
              "warning": "#faad14",
            },
          }
        }
      >
         
        
      </Text>
      <Text>
         
        177IG770
         
      </Text>
    </View>
    <View
      style={
        Object {
          "paddingVertical": 5,
        }
      }
    >
      <View>
        <Text
          numberOfLines={0}
        >
          <Text
            style={
              Object {
                "color": "black",
                "fontSize": 18,
                "fontWeight": "100",
                "letterSpacing": 1,
                "lineHeight": 20,
              }
            }
          >
            UC4GR662312XE4H5MBDU923644WLL3QE563EEQ7QBBT7
          </Text>
        </Text>
      </View>
      <View />
    </View>
    <View
      style={
        Object {
          "alignItems": "center",
          "flexDirection": "row",
          "justifyContent": "space-between",
          "paddingHorizontal": 10,
          "paddingVertical": 10,
          "width": "100%",
        }
      }
    >
      <View
        accessible={true}
        isTVSelectable={true}
        onResponderGrant={[Function]}
        onResponderMove={[Function]}
        onResponderRelease={[Function]}
        onResponderTerminate={[Function]}
        onResponderTerminationRequest={[Function]}
        onStartShouldSetResponder={[Function]}
        style={
          Object {
            "alignItems": "center",
            "flexDirection": "row",
            "opacity": 1,
          }
        }
      >
        <Image
          source={
            Object {
              "uri": "comment_yellow",
            }
          }
          style={
            Object {
              "height": 30,
              "marginRight": 5,
              "width": 30,
            }
          }
        />
        <Text>
          评论
        </Text>
      </View>
      <View
        accessible={true}
        isTVSelectable={true}
        onResponderGrant={[Function]}
        onResponderMove={[Function]}
        onResponderRelease={[Function]}
        onResponderTerminate={[Function]}
        onResponderTerminationRequest={[Function]}
        onStartShouldSetResponder={[Function]}
        style={
          Object {
            "alignItems": "center",
            "flexDirection": "row",
            "opacity": 1,
          }
        }
      >
        <Image
          source={
            Object {
              "uri": "like_yellow",
            }
          }
          style={
            Object {
              "height": 30,
              "marginRight": 5,
              "width": 30,
            }
          }
        />
        <Text
          style={
            Object {
              "color": "orange",
              "fontSize": 15,
            }
          }
        >
          16
        </Text>
      </View>
    </View>
    <View
      style={
        Object {
          "backgroundColor": "whitesmoke",
          "borderRadius": 5,
        }
      }
    >
      <View
        style={
          Object {
            "flexDirection": "row",
          }
        }
      >
        <Text
          style={
            Object {
              "fontSize": 14,
              "fontWeight": "200",
            }
          }
          theme={
            Object {
              "colors": Object {
                "disabled": "hsl(208, 8%, 90%)",
                "divider": "#bcbbc1",
                "error": "#ff190c",
                "grey0": "#393e42",
                "grey1": "#43484d",
                "grey2": "#5e6977",
                "grey3": "#86939e",
                "grey4": "#bdc6cf",
                "grey5": "#e1e8ee",
                "greyOutline": "#bbb",
                "platform": Object {
                  "android": Object {
                    "error": "#f44336",
                    "primary": "#2196f3",
                    "secondary": "#9C27B0",
                    "success": "#4caf50",
                    "warning": "#ffeb3b",
                  },
                  "ios": Object {
                    "error": "#ff3b30",
                    "primary": "#007aff",
                    "secondary": "#5856d6",
                    "success": "#4cd964",
                    "warning": "#ffcc00",
                  },
                },
                "primary": "#2089dc",
                "searchBg": "#303337",
                "secondary": "#8F0CE8",
                "success": "#52c41a",
                "warning": "#faad14",
              },
            }
          }
        >
           
          
        </Text>
        <Text
          style={
            Object {
              "fontSize": 14,
              "lineHeight": 18,
              "width": "79%",
            }
          }
        >
          : 还是是你的
        </Text>
      </View>
      <View
        style={
          Object {
            "flexDirection": "row",
          }
        }
      >
        <Text
          style={
            Object {
              "fontSize": 14,
              "fontWeight": "200",
            }
          }
          theme={
            Object {
              "colors": Object {
                "disabled": "hsl(208, 8%, 90%)",
                "divider": "#bcbbc1",
                "error": "#ff190c",
                "grey0": "#393e42",
                "grey1": "#43484d",
                "grey2": "#5e6977",
                "grey3": "#86939e",
                "grey4": "#bdc6cf",
                "grey5": "#e1e8ee",
                "greyOutline": "#bbb",
                "platform": Object {
                  "android": Object {
                    "error": "#f44336",
                    "primary": "#2196f3",
                    "secondary": "#9C27B0",
                    "success": "#4caf50",
                    "warning": "#ffeb3b",
                  },
                  "ios": Object {
                    "error": "#ff3b30",
                    "primary": "#007aff",
                    "secondary": "#5856d6",
                    "success": "#4cd964",
                    "warning": "#ffcc00",
                  },
                },
                "primary": "#2089dc",
                "searchBg": "#303337",
                "secondary": "#8F0CE8",
                "success": "#52c41a",
                "warning": "#faad14",
              },
            }
          }
        >
           
          
        </Text>
        <Text
          style={
            Object {
              "fontSize": 14,
              "lineHeight": 18,
              "width": "79%",
            }
          }
        >
          : 好的好的姐姐的
        </Text>
      </View>
      <View
        style={
          Object {
            "flexDirection": "row",
          }
        }
      >
        <Text
          style={
            Object {
              "fontSize": 14,
              "fontWeight": "200",
            }
          }
          theme={
            Object {
              "colors": Object {
                "disabled": "hsl(208, 8%, 90%)",
                "divider": "#bcbbc1",
                "error": "#ff190c",
                "grey0": "#393e42",
                "grey1": "#43484d",
                "grey2": "#5e6977",
                "grey3": "#86939e",
                "grey4": "#bdc6cf",
                "grey5": "#e1e8ee",
                "greyOutline": "#bbb",
                "platform": Object {
                  "android": Object {
                    "error": "#f44336",
                    "primary": "#2196f3",
                    "secondary": "#9C27B0",
                    "success": "#4caf50",
                    "warning": "#ffeb3b",
                  },
                  "ios": Object {
                    "error": "#ff3b30",
                    "primary": "#007aff",
                    "secondary": "#5856d6",
                    "success": "#4cd964",
                    "warning": "#ffcc00",
                  },
                },
                "primary": "#2089dc",
                "searchBg": "#303337",
                "secondary": "#8F0CE8",
                "success": "#52c41a",
                "warning": "#faad14",
              },
            }
          }
        >
           
          
        </Text>
        <Text
          style={
            Object {
              "fontSize": 14,
              "lineHeight": 18,
              "width": "79%",
            }
          }
        >
          : 防脱发头发
        </Text>
      </View>
      <View
        style={
          Object {
            "flexDirection": "row",
          }
        }
      >
        <Text
          style={
            Object {
              "fontSize": 14,
              "fontWeight": "200",
            }
          }
          theme={
            Object {
              "colors": Object {
                "disabled": "hsl(208, 8%, 90%)",
                "divider": "#bcbbc1",
                "error": "#ff190c",
                "grey0": "#393e42",
                "grey1": "#43484d",
                "grey2": "#5e6977",
                "grey3": "#86939e",
                "grey4": "#bdc6cf",
                "grey5": "#e1e8ee",
                "greyOutline": "#bbb",
                "platform": Object {
                  "android": Object {
                    "error": "#f44336",
                    "primary": "#2196f3",
                    "secondary": "#9C27B0",
                    "success": "#4caf50",
                    "warning": "#ffeb3b",
                  },
                  "ios": Object {
                    "error": "#ff3b30",
                    "primary": "#007aff",
                    "secondary": "#5856d6",
                    "success": "#4cd964",
                    "warning": "#ffcc00",
                  },
                },
                "primary": "#2089dc",
                "searchBg": "#303337",
                "secondary": "#8F0CE8",
                "success": "#52c41a",
                "warning": "#faad14",
              },
            }
          }
        >
           
          
        </Text>
        <Text
          style={
            Object {
              "fontSize": 14,
              "lineHeight": 18,
              "width": "79%",
            }
          }
        >
          : 刚才填充图册填充图册太吓人饭堂吃同学人吃肉馅肉馅长途车如此
        </Text>
      </View>
      <View
        style={
          Object {
            "flexDirection": "row",
          }
        }
      >
        <Text
          style={
            Object {
              "fontSize": 14,
              "fontWeight": "200",
            }
          }
          theme={
            Object {
              "colors": Object {
                "disabled": "hsl(208, 8%, 90%)",
                "divider": "#bcbbc1",
                "error": "#ff190c",
                "grey0": "#393e42",
                "grey1": "#43484d",
                "grey2": "#5e6977",
                "grey3": "#86939e",
                "grey4": "#bdc6cf",
                "grey5": "#e1e8ee",
                "greyOutline": "#bbb",
                "platform": Object {
                  "android": Object {
                    "error": "#f44336",
                    "primary": "#2196f3",
                    "secondary": "#9C27B0",
                    "success": "#4caf50",
                    "warning": "#ffeb3b",
                  },
                  "ios": Object {
                    "error": "#ff3b30",
                    "primary": "#007aff",
                    "secondary": "#5856d6",
                    "success": "#4cd964",
                    "warning": "#ffcc00",
                  },
                },
                "primary": "#2089dc",
                "searchBg": "#303337",
                "secondary": "#8F0CE8",
                "success": "#52c41a",
                "warning": "#faad14",
              },
            }
          }
        >
           
          
        </Text>
        <Text
          style={
            Object {
              "fontSize": 14,
              "lineHeight": 18,
              "width": "79%",
            }
          }
        >
          : 你是真的牛逼
        </Text>
      </View>
      <View
        style={
          Object {
            "flexDirection": "row",
          }
        }
      >
        <Text
          style={
            Object {
              "fontSize": 14,
              "fontWeight": "200",
            }
          }
          theme={
            Object {
              "colors": Object {
                "disabled": "hsl(208, 8%, 90%)",
                "divider": "#bcbbc1",
                "error": "#ff190c",
                "grey0": "#393e42",
                "grey1": "#43484d",
                "grey2": "#5e6977",
                "grey3": "#86939e",
                "grey4": "#bdc6cf",
                "grey5": "#e1e8ee",
                "greyOutline": "#bbb",
                "platform": Object {
                  "android": Object {
                    "error": "#f44336",
                    "primary": "#2196f3",
                    "secondary": "#9C27B0",
                    "success": "#4caf50",
                    "warning": "#ffeb3b",
                  },
                  "ios": Object {
                    "error": "#ff3b30",
                    "primary": "#007aff",
                    "secondary": "#5856d6",
                    "success": "#4cd964",
                    "warning": "#ffcc00",
                  },
                },
                "primary": "#2089dc",
                "searchBg": "#303337",
                "secondary": "#8F0CE8",
                "success": "#52c41a",
                "warning": "#faad14",
              },
            }
          }
        >
           
          
        </Text>
        <Text
          style={
            Object {
              "fontSize": 14,
              "lineHeight": 18,
              "width": "79%",
            }
          }
        >
          : ？
        </Text>
      </View>
    </View>
  </View>
</View>
`;
