// Jest Snapshot v1, https://goo.gl/fbAQLP

exports[`renders home page correctly 1`] = `
<View
  style={
    Object {
      "alignItems": "center",
      "flex": 1,
      "justifyContent": "center",
    }
  }
>
  <Text>
    Home!
  </Text>
  <Image
    source={
      Object {
        "uri": "editing",
      }
    }
    style={
      Object {
        "height": 40,
        "width": 40,
      }
    }
  />
</View>
`;
