// Jest Snapshot v1, https://goo.gl/fbAQLP

exports[`renders home page correctly 1`] = `
<Modal
  hardwareAccelerated={false}
  transparent={true}
  visible={true}
>
  <View
    style={
      Object {
        "alignItems": "center",
        "flex": 1,
        "justifyContent": "center",
      }
    }
  >
    <View
      style={
        Object {
          "alignItems": "center",
          "backgroundColor": "white",
          "height": 100,
          "justifyContent": "center",
          "width": 100,
        }
      }
    >
      <ActivityIndicator
        animating={true}
        color="yellow"
        hidesWhenStopped={true}
        size="large"
      />
      <Text
        style={
          Object {
            "textAlign": "center",
          }
        }
      >
        加载中
      </Text>
    </View>
  </View>
</Modal>
`;
