// Jest Snapshot v1, https://goo.gl/fbAQLP

exports[`renders profile page correctly 1`] = `
<View
  style={
    Object {
      "alignItems": "stretch",
      "flex": 1,
      "justifyContent": "space-between",
      "paddingTop": 25,
    }
  }
>
  <View>
    <View
      style={
        Object {
          "height": 120,
          "width": "100%",
        }
      }
    >
      <Image
        overflow="visible"
        resizeMode="cover"
        source={
          Object {
            "uri": "profile",
          }
        }
        style={
          Object {
            "height": 150,
            "opacity": 0.2,
            "width": "auto",
          }
        }
      />
    </View>
    <View
      style={
        Object {
          "flexDirection": "row",
          "paddingTop": 10,
        }
      }
    >
      <View
        style={
          Object {
            "backgroundColor": "transparent",
            "borderRadius": 37.5,
            "height": 75,
            "width": 75,
          }
        }
        theme={
          Object {
            "colors": Object {
              "disabled": "hsl(208, 8%, 90%)",
              "divider": "#bcbbc1",
              "error": "#ff190c",
              "grey0": "#393e42",
              "grey1": "#43484d",
              "grey2": "#5e6977",
              "grey3": "#86939e",
              "grey4": "#bdc6cf",
              "grey5": "#e1e8ee",
              "greyOutline": "#bbb",
              "platform": Object {
                "android": Object {
                  "error": "#f44336",
                  "primary": "#2196f3",
                  "secondary": "#9C27B0",
                  "success": "#4caf50",
                  "warning": "#ffeb3b",
                },
                "ios": Object {
                  "error": "#ff3b30",
                  "primary": "#007aff",
                  "secondary": "#5856d6",
                  "success": "#4cd964",
                  "warning": "#ffcc00",
                },
              },
              "primary": "#2089dc",
              "searchBg": "#303337",
              "secondary": "#8F0CE8",
              "success": "#52c41a",
              "warning": "#faad14",
            },
          }
        }
      >
        <View
          style={
            Object {
              "backgroundColor": "#bdbdbd",
              "borderRadius": 37.5,
              "flex": 1,
              "overflow": "hidden",
              "position": "relative",
            }
          }
        >
          <Image
            onLoadEnd={[Function]}
            source={
              Object {
                "uri": "https://s3.amazonaws.com/uifaces/faces/twitter/adhamdannaway/128.jpg",
              }
            }
            style={
              Object {
                "flex": 1,
                "height": null,
                "width": null,
              }
            }
            theme={
              Object {
                "colors": Object {
                  "disabled": "hsl(208, 8%, 90%)",
                  "divider": "#bcbbc1",
                  "error": "#ff190c",
                  "grey0": "#393e42",
                  "grey1": "#43484d",
                  "grey2": "#5e6977",
                  "grey3": "#86939e",
                  "grey4": "#bdc6cf",
                  "grey5": "#e1e8ee",
                  "greyOutline": "#bbb",
                  "platform": Object {
                    "android": Object {
                      "error": "#f44336",
                      "primary": "#2196f3",
                      "secondary": "#9C27B0",
                      "success": "#4caf50",
                      "warning": "#ffeb3b",
                    },
                    "ios": Object {
                      "error": "#ff3b30",
                      "primary": "#007aff",
                      "secondary": "#5856d6",
                      "success": "#4cd964",
                      "warning": "#ffcc00",
                    },
                  },
                  "primary": "#2089dc",
                  "searchBg": "#303337",
                  "secondary": "#8F0CE8",
                  "success": "#52c41a",
                  "warning": "#faad14",
                },
              }
            }
          />
          <View
            style={
              Object {
                "bottom": 0,
                "left": 0,
                "opacity": 1,
                "position": "absolute",
                "right": 0,
                "top": 0,
              }
            }
          >
            <View
              style={
                Object {
                  "alignItems": "center",
                  "backgroundColor": "#bdbdbd",
                  "flex": 1,
                  "height": null,
                  "justifyContent": "center",
                  "width": null,
                }
              }
              testID="RNE__Image__placeholder"
            />
          </View>
        </View>
      </View>
      <View
        style={
          Object {
            "paddingLeft": 20,
          }
        }
      >
        <Text />
        <Text />
        <Text />
        <Text />
      </View>
    </View>
    <View
      style={
        Object {
          "flexDirection": "column",
          "paddingTop": 20,
        }
      }
    >
      <View
        style={
          Object {
            "alignItems": "center",
            "flexDirection": "row",
            "justifyContent": "space-between",
            "paddingBottom": 8,
            "paddingHorizontal": 10,
            "paddingTop": 20,
            "paddingVertical": 10,
          }
        }
      >
        <View
          style={
            Object {
              "alignItems": "center",
              "flexDirection": "row",
              "justifyContent": "center",
              "paddingHorizontal": 5,
            }
          }
        >
          <Image
            source={
              Object {
                "uri": "edit",
              }
            }
            style={
              Object {
                "height": 22,
                "width": 22,
              }
            }
          />
          <Text
            style={
              Object {
                "fontSize": 16,
                "paddingHorizontal": 8,
              }
            }
          >
            编辑
          </Text>
        </View>
        <View
          accessible={true}
          isTVSelectable={true}
          onResponderGrant={[Function]}
          onResponderMove={[Function]}
          onResponderRelease={[Function]}
          onResponderTerminate={[Function]}
          onResponderTerminationRequest={[Function]}
          onStartShouldSetResponder={[Function]}
          style={
            Object {
              "alignItems": "center",
              "justifyContent": "center",
              "opacity": 1,
            }
          }
        >
          <Image
            source={
              Object {
                "uri": "right_arrow",
              }
            }
            style={
              Object {
                "height": 20,
                "width": 20,
              }
            }
          />
        </View>
      </View>
      <View
        style={
          Object {
            "backgroundColor": "#F5F5F5",
            "height": 1,
          }
        }
      />
      <View
        style={
          Object {
            "alignItems": "center",
            "flexDirection": "row",
            "justifyContent": "space-between",
            "paddingBottom": 8,
            "paddingHorizontal": 10,
            "paddingTop": 20,
            "paddingVertical": 10,
          }
        }
      >
        <View
          style={
            Object {
              "alignItems": "center",
              "flexDirection": "row",
              "justifyContent": "center",
              "paddingHorizontal": 5,
            }
          }
        >
          <Image
            source={
              Object {
                "uri": "about",
              }
            }
            style={
              Object {
                "height": 22,
                "width": 22,
              }
            }
          />
          <Text
            style={
              Object {
                "fontSize": 16,
                "paddingHorizontal": 8,
              }
            }
          >
            关于
          </Text>
        </View>
        <View
          accessible={true}
          isTVSelectable={true}
          onResponderGrant={[Function]}
          onResponderMove={[Function]}
          onResponderRelease={[Function]}
          onResponderTerminate={[Function]}
          onResponderTerminationRequest={[Function]}
          onStartShouldSetResponder={[Function]}
          style={
            Object {
              "alignItems": "center",
              "justifyContent": "center",
              "opacity": 1,
            }
          }
        >
          <Image
            source={
              Object {
                "uri": "right_arrow",
              }
            }
            style={
              Object {
                "height": 20,
                "width": 20,
              }
            }
          />
        </View>
      </View>
      <View
        style={
          Object {
            "backgroundColor": "#F5F5F5",
            "height": 1,
          }
        }
      />
    </View>
  </View>
  <View
    style={
      Object {
        "borderRadius": 3,
        "padding": 5,
      }
    }
  >
    <View
      accessible={true}
      isTVSelectable={true}
      onResponderGrant={[Function]}
      onResponderMove={[Function]}
      onResponderRelease={[Function]}
      onResponderTerminate={[Function]}
      onResponderTerminationRequest={[Function]}
      onStartShouldSetResponder={[Function]}
      style={
        Object {
          "opacity": 1,
        }
      }
    >
      <View
        style={
          Object {
            "alignItems": "center",
            "backgroundColor": "#FFD900",
            "borderColor": "#2089dc",
            "borderRadius": 3,
            "borderWidth": 0,
            "flexDirection": "row",
            "justifyContent": "center",
            "padding": 8,
          }
        }
      >
        <Text
          style={
            Object {
              "color": "white",
              "fontSize": 18,
              "paddingBottom": 1,
              "paddingTop": 2,
              "textAlign": "center",
            }
          }
        >
          登出
        </Text>
      </View>
    </View>
  </View>
</View>
`;
