// Jest Snapshot v1, https://goo.gl/fbAQLP

exports[`renders QuestionCard page correctly 1`] = `
<RCTScrollView
  keyboardShouldPersistTaps="handled"
  style={
    Object {
      "backgroundColor": "#F5F5F5",
      "flex": 1,
    }
  }
>
  <View>
    <Modal
      animationType="slide"
      hardwareAccelerated={false}
      style={
        Object {
          "flexDirection": "column",
          "justifyContent": "center",
        }
      }
      transparent={true}
      visible={false}
    >
      <View
        accessible={true}
        onResponderGrant={[Function]}
        onResponderMove={[Function]}
        onResponderRelease={[Function]}
        onResponderTerminate={[Function]}
        onResponderTerminationRequest={[Function]}
        onStartShouldSetResponder={[Function]}
        style={
          Object {
            "height": "100%",
            "width": "100%",
          }
        }
      />
      <View
        style={
          Object {
            "borderColor": "lightgrey",
            "borderTopWidth": 0.2,
            "bottom": 0,
            "height": 50,
            "paddingHorizontal": 10,
            "paddingVertical": 0,
            "position": "absolute",
            "width": "100%",
          }
        }
      >
        <RCTScrollView
          keyboardShouldPersistTaps="always"
          style={
            Object {
              "contentSize": 0,
            }
          }
        >
          <View>
            <View
              style={
                Object {
                  "alignItems": "center",
                  "backgroundColor": "whitesmoke",
                  "flexDirection": "row",
                }
              }
            >
              <View
                style={
                  Object {
                    "borderColor": "orange",
                    "borderRadius": 8,
                    "borderWidth": 0.5,
                    "flex": 8,
                    "flexDirection": "row",
                    "justifyContent": "flex-start",
                    "marginVertical": 10,
                    "paddingHorizontal": 10,
                  }
                }
              >
                <TextInput
                  allowFontScaling={true}
                  autoFocus={true}
                  onChangeText={[Function]}
                  onSubmitEditing={[Function]}
                  placeholder="点击输入回复"
                  rejectResponderTermination={true}
                  style={
                    Object {
                      "fontSize": 15,
                      "padding": 2,
                      "textAlign": "left",
                      "width": "100%",
                    }
                  }
                  underlineColorAndroid="transparent"
                  value=""
                />
              </View>
              <View
                accessible={true}
                isTVSelectable={true}
                onResponderGrant={[Function]}
                onResponderMove={[Function]}
                onResponderRelease={[Function]}
                onResponderTerminate={[Function]}
                onResponderTerminationRequest={[Function]}
                onStartShouldSetResponder={[Function]}
                style={
                  Object {
                    "flex": 1.5,
                    "marginVertical": 0,
                    "opacity": 1,
                  }
                }
              >
                <View
                  style={
                    Object {
                      "backgroundColor": "#FDD326",
                      "borderRadius": 8,
                      "height": "auto",
                      "marginHorizontal": 8,
                      "paddingVertical": 8,
                    }
                  }
                >
                  <Text
                    style={
                      Object {
                        "color": "white",
                        "fontFamily": "字魂70号-灵悦黑体",
                        "fontSize": 15,
                        "lineHeight": 15,
                      }
                    }
                    theme={
                      Object {
                        "colors": Object {
                          "disabled": "hsl(208, 8%, 90%)",
                          "divider": "#bcbbc1",
                          "error": "#ff190c",
                          "grey0": "#393e42",
                          "grey1": "#43484d",
                          "grey2": "#5e6977",
                          "grey3": "#86939e",
                          "grey4": "#bdc6cf",
                          "grey5": "#e1e8ee",
                          "greyOutline": "#bbb",
                          "platform": Object {
                            "android": Object {
                              "error": "#f44336",
                              "primary": "#2196f3",
                              "secondary": "#9C27B0",
                              "success": "#4caf50",
                              "warning": "#ffeb3b",
                            },
                            "ios": Object {
                              "error": "#ff3b30",
                              "primary": "#007aff",
                              "secondary": "#5856d6",
                              "success": "#4cd964",
                              "warning": "#ffcc00",
                            },
                          },
                          "primary": "#2089dc",
                          "searchBg": "#303337",
                          "secondary": "#8F0CE8",
                          "success": "#52c41a",
                          "warning": "#faad14",
                        },
                      }
                    }
                  >
                     发送
                  </Text>
                </View>
              </View>
            </View>
          </View>
        </RCTScrollView>
      </View>
    </Modal>
    <View
      accessibilityIgnoresInvertColors={true}
      style={
        Object {
          "height": 210,
        }
      }
    >
      <Image
        source={
          Object {
            "uri": "questions_bg",
          }
        }
        style={
          Array [
            Object {
              "bottom": 0,
              "left": 0,
              "position": "absolute",
              "right": 0,
              "top": 0,
            },
            Object {
              "height": 210,
              "width": undefined,
            },
            Object {
              "resizeMode": "stretch",
            },
          ]
        }
      />
      <View
        style={
          Object {
            "alignItems": "center",
            "flexDirection": "row",
            "height": 40,
            "justifyContent": "center",
            "marginLeft": 10,
            "marginTop": 24,
          }
        }
      >
        <View
          accessible={true}
          isTVSelectable={true}
          onResponderGrant={[Function]}
          onResponderMove={[Function]}
          onResponderRelease={[Function]}
          onResponderTerminate={[Function]}
          onResponderTerminationRequest={[Function]}
          onStartShouldSetResponder={[Function]}
          style={
            Object {
              "alignItems": "center",
              "flex": 1,
              "height": "100%",
              "justifyContent": "center",
              "opacity": 1,
              "paddingHorizontal": 6,
            }
          }
        >
          <Image
            resizeMode="contain"
            source={
              Object {
                "uri": "navigate_return",
              }
            }
            style={
              Object {
                "height": 20,
                "width": 20,
              }
            }
          />
        </View>
        <View
          style={
            Object {
              "alignItems": "center",
              "flex": 10,
              "flexDirection": "row",
              "justifyContent": "flex-start",
            }
          }
        >
          <Text
            style={
              Object {
                "color": "#000000",
                "fontSize": 16,
                "paddingLeft": 8,
              }
            }
            theme={
              Object {
                "colors": Object {
                  "disabled": "hsl(208, 8%, 90%)",
                  "divider": "#bcbbc1",
                  "error": "#ff190c",
                  "grey0": "#393e42",
                  "grey1": "#43484d",
                  "grey2": "#5e6977",
                  "grey3": "#86939e",
                  "grey4": "#bdc6cf",
                  "grey5": "#e1e8ee",
                  "greyOutline": "#bbb",
                  "platform": Object {
                    "android": Object {
                      "error": "#f44336",
                      "primary": "#2196f3",
                      "secondary": "#9C27B0",
                      "success": "#4caf50",
                      "warning": "#ffeb3b",
                    },
                    "ios": Object {
                      "error": "#ff3b30",
                      "primary": "#007aff",
                      "secondary": "#5856d6",
                      "success": "#4cd964",
                      "warning": "#ffcc00",
                    },
                  },
                  "primary": "#2089dc",
                  "searchBg": "#303337",
                  "secondary": "#8F0CE8",
                  "success": "#52c41a",
                  "warning": "#faad14",
                },
              }
            }
          >
            问答
          </Text>
        </View>
      </View>
      <View
        style={
          Object {
            "alignItems": "center",
            "flex": 1,
            "flexDirection": "row",
            "paddingHorizontal": 20,
            "paddingTop": 20,
          }
        }
      >
        <Text
          style={
            Object {
              "color": "#000000",
              "fontFamily": "字魂95号-手刻宋",
              "fontSize": 50,
            }
          }
        >
          解疑
        </Text>
        <View
          style={
            Object {
              "alignItems": "center",
              "flexDirection": "row",
              "paddingLeft": 10,
            }
          }
        >
          <Image
            source={
              Object {
                "uri": "qanda",
              }
            }
            style={
              Object {
                "height": 30,
                "width": 30,
              }
            }
          />
          <Text
            style={
              Object {
                "color": "#000000",
                "fontSize": 12,
                "padding": 3,
              }
            }
          >
            Q&A
          </Text>
        </View>
      </View>
      <View
        style={
          Object {
            "alignItems": "flex-end",
            "flex": 2,
            "justifyContent": "center",
            "paddingRight": 30,
          }
        }
      >
        <View
          style={
            Object {
              "paddingBottom": 60,
            }
          }
        >
          <View
            accessible={true}
            isTVSelectable={true}
            onResponderGrant={[Function]}
            onResponderMove={[Function]}
            onResponderRelease={[Function]}
            onResponderTerminate={[Function]}
            onResponderTerminationRequest={[Function]}
            onStartShouldSetResponder={[Function]}
            style={
              Object {
                "opacity": 1,
              }
            }
          >
            <View
              accessibilityIgnoresInvertColors={true}
              style={
                Object {
                  "alignItems": "center",
                  "flexDirection": "row",
                  "height": 40,
                  "justifyContent": "center",
                  "width": 120,
                }
              }
            >
              <Image
                source={
                  Object {
                    "uri": "black_rectangle",
                  }
                }
                style={
                  Array [
                    Object {
                      "bottom": 0,
                      "left": 0,
                      "position": "absolute",
                      "right": 0,
                      "top": 0,
                    },
                    Object {
                      "height": 40,
                      "width": 120,
                    },
                    Object {
                      "resizeMode": "stretch",
                    },
                  ]
                }
              />
              <Image
                source={
                  Object {
                    "uri": "new_question",
                  }
                }
                style={
                  Object {
                    "height": 24,
                    "width": 24,
                  }
                }
              />
              <Text
                style={
                  Object {
                    "color": "#FFFFFF",
                    "fontFamily": "字魂95号-手刻宋",
                    "fontSize": 15,
                    "letterSpacing": 3,
                    "lineHeight": 20,
                    "paddingHorizontal": 3,
                    "paddingTop": 3,
                  }
                }
              >
                新的问题
              </Text>
            </View>
          </View>
        </View>
      </View>
    </View>
    <View
      style={
        Object {
          "paddingHorizontal": 25,
        }
      }
    />
  </View>
</RCTScrollView>
`;
